<!DOCTYPE html>
<html lang="en">

<head>
    <meta charset="UTF-8">
    <meta http-equiv="X-UA-Compatible" content="IE=edge">
    <meta name="viewport" content="width=device-width, initial-scale=1.0">
    <title>home templet</title>
    <!-- link css -->
    <link rel="stylesheet" href="style.css">
</head>

<body>

    <!-- Header menu section -->
    <header class="header">
        <div class="nav">
            <div class="brand">
                <h2>BR Architects
            </div>
            <div class="menubar">
                <ul class="menu">
                    <li class="menu-item"><a class="menu-link" href="#">Projects</a></li>
                    <li class="menu-item"><a class="menu-link" href="#">About</a></li>
                    <li class="menu-item"><a class="menu-link" href="#">Contact</a></li>
                </ul>
            </div>
        </div>
    </header>
    <!-- start Architects img -->
    <div class="architects">
        <img src="architect.jpg">

        <div class="top-heading">

            <h2><span>BR</span> Architects</h2>
        </div>
    </div>
    <!-- end architect -->
    <div class="container">
        <!-- start contianer_contact -->
        <!-- and also start Projects heading one -->
        <div class="Projects">
            <h1>Projects</h1>
        </div>
        <!-- end Projects heading one -->
        <!-- start first row -->
        <div class="row">
            <div class="content">
                <img src="house3.jpg" class="img">
                <button class="btn">sammer house</button>
            </div>
            <div class="content">
                <img src="house4.jpg" class="img">
                <button class="btn">brick house</button>
            </div>
            <div class="content">
                <img src="house5.jpg" class="img">
                <button class="btn">Ronvatent house</button>
            </div>
            <div class="content">
                <img src="house3.jpg" class="img">
                <button class="btn">suammer house</button>
            </div>
            
        </div>
        <!-- end row -->

        <!-- start  second row -->
        <div class="row">
            <div class="content">
                <img src="house3.jpg" class="img">
                <button class="btn">bran house</button>
            </div>
            <div class="content">
                <img src="house5.jpg" class="img">
                <button class="btn">master house</button>
            </div>
            <div class="content">
                <img src="house3.jpg" class="img">
                <button class="btn">bettnai house</button>
            </div>
            <div class="content">
                <img src="house5.jpg" class="img">
                <button class="btn">sammer house</button>
            </div>
        </div>
        <!-- end second row -->

        <!-- start about  -->

        <div class="about">
            <div class="heading">
                <h1>About</h1>
                <hr>
                <p>
                    Lorem ipsum dolor sit amet consectetur adipisicing elit. Voluptatum dicta reprehenderit deserunt,
                    est harum quae! Laudantium temporibus reiciendis sit? A maiores temporibus assumenda,
                </p>
            </div>
        </div>

        <!-- end about -->

        <!-- start john doe -->
        <div class="row3">
            <div class="jonedoe">
                <img src="team4.jpg" class="img">
                <h2>
                    john deo
                </h2>
                <h4>
                    ceo $ founder
                </h4>
                <p>
                    Lorem ipsum dolor sit amet consectetur adipisicing elit. Inventore, quas consequuntur. Nam nostrum
                    eius veniam
                </p>
                <button class="btnn">content</button>
            </div>
            <div class="jonedoe">
                <img src="team1.jpg" class="img">
                <h2>
                    john deo
                </h2>
                <h4>
                    ceo $ founder
                </h4>
                <p>
                    Lorem ipsum dolor sit amet consectetur adipisicing elit. Inventore, quas consequuntur. Nam nostrum
                    eius veniam
                </p>
                <button class="btnn">content</button>
            </div>

            <div class="jonedoe">
                <img src="team3.jpg" class="img">
                <h2>
                    john deo
                </h2>
                <h4>
                    ceo $ founder
                </h4>
                <p>
                    Lorem ipsum dolor sit amet consectetur adipisicing elit. Inventore, quas consequuntur. Nam nostrum
                    eius veniam
                </p>
                <button class="btnn">content</button>
            </div>
            <div class="jonedoe">
                <img src="team4.jpg" class="img">
                <h2>
                    john deo
                </h2>
                <h4>
                    ceo $ founder
                </h4>
                <p>
                    Lorem ipsum dolor sit amet consectetur adipisicing elit. Inventore, quas consequuntur. Nam nostrum
                    eius veniam !
                </p>
                <button class="btnn">content</button>
            </div>
        </div>
        <!-- end jonedoe -->


        <!-- start Contact -->
        <div class="Contact">
            <h3>
                Contact
            </h3>
            <hr>
            <p>lets get in touch and talk about your next Projects</p>
            <form>
                <input type="text" class="inputfild" placeholder="Name"> <br>
                <input type="text" class="inputfild" placeholder="Email"><br>
                <input type="text" class="inputfild" placeholder="Subject"><br>
                <input type="text" class="inputfild" placeholder="Comment">
            </form>
            <button class="buttn">send massage</button>
        </div>
        <!-- start footer img -->
        <div class="fotter-img">
            <img src="map.jpg" class="imgess">
        </div>
    </div>
    
    <!-- last footer area -->
  
    <div class="footer">
        <div class="fotter-para">
            <p>powered by muhammad tayeb</p>
        </div>
    </div>
    <!-- end my Projects -->
</body>

</html>