<!DOCTYPE html>
<html lang="en">
<head>
    <meta charset="UTF-8">
    <meta http-equiv="X-UA-Compatible" content="IE=edge">
    <meta name="viewport" content="width=device-width, initial-scale=1.0">
    <link rel="stylesheet" href="pageDesign.css">
    <title>Page</title>
    
</head>
<body>
    <div class="image">
       <img src="architect.jpg" alt="Internet Error">

       <div class="text">
          <p>Lorem ipsum dolor sit amet consectetur.</p> 
        </div>
    </div>
</body>
</html>